SAM-3 extractor: using transformers.AutoModel fallback — preprocessing differs from the official SAM-3 package. Outputs are NOT paper-equivalent. Set paper_headline_safe=false.
SAM-3 extractor: using transformers.AutoModel fallback — preprocessing differs from the official SAM-3 package. Outputs are NOT paper-equivalent. Set paper_headline_safe=false.
SAM-3 extractor: using transformers.AutoModel fallback — preprocessing differs from the official SAM-3 package. Outputs are NOT paper-equivalent. Set paper_headline_safe=false.
SAM-3 extractor: using transformers.AutoModel fallback — preprocessing differs from the official SAM-3 package. Outputs are NOT paper-equivalent. Set paper_headline_safe=false.
SAM-3 extractor: using transformers.AutoModel fallback — preprocessing differs from the official SAM-3 package. Outputs are NOT paper-equivalent. Set paper_headline_safe=false.
SAM-3 extractor: using transformers.AutoModel fallback — preprocessing differs from the official SAM-3 package. Outputs are NOT paper-equivalent. Set paper_headline_safe=false.
SAM-3 extractor: using transformers.AutoModel fallback — preprocessing differs from the official SAM-3 package. Outputs are NOT paper-equivalent. Set paper_headline_safe=false.
wandb: updating run metadata
wandb: uploading output.log
wandb: 
wandb: Run history:
wandb:      epoch ▁▁▁▂▂▂▂▂▂▃▃▃▃▃▄▄▄▄▄▄▅▅▅▅▅▅▆▆▆▆▆▇▇▇▇▇▇███
wandb:  test/dice ▁
wandb:   test/iou ▁
wandb: train/loss █▄▄▃▃▃▃▃▃▃▂▂▂▂▂▂▂▂▂▂▂▂▂▂▁▁▁▁▁▂▂▁▁▁▁▁▁▁▁▁
wandb:   train/lr ▁▁▁▁▁▁▁▁▁▁▁▁▁▁▁▁▁▁▁▁▁▁▁▁▁▁▁▁▁▁▁▁▁▁▁▁▁▁▁▁
wandb:   val/dice ▁▄▅▅▆▆▆▆▆▆▆▆▇▇▇▇▇▇▇▇▇▇▇▇▇▇▇▇▆█▆▂▇██▄▄▇█▃
wandb:    val/iou ▁▄▅▅▆▆▆▆▆▆▆▆▆▇▇▇▇▇▇▇▇▇▇▇▇▇▇▆▆█▆▂▆██▄▄▇▇▃
wandb: 
wandb: Run summary:
wandb:              checkpoint_path /storage/nada/ce1/a3...
wandb:            checkpoint_sha256 7e2a4934d48c9acf1b94...
wandb:                  config_path /storage/nada/ce1/a3...
wandb:                        epoch 40
wandb:                   eval_split val
wandb:        fixed_sample_ids_path /storage/nada/ce1/a3...
wandb:   provenance/checkpoint_path /storage/nada/ce1/a3...
wandb: provenance/checkpoint_sha256 7e2a4934d48c9acf1b94...
wandb:       provenance/config_path /storage/nada/ce1/a3...
wandb:        provenance/eval_split val
wandb:                          +12 ...
wandb: 
wandb: 🚀 View run monuseg_E1_A3_s2_clean at: https://wandb.ai/nadavoteam/frozen-sam-readout/runs/q14141nx
wandb: ⭐️ View project at: https://wandb.ai/nadavoteam/frozen-sam-readout
wandb: Synced 5 W&B file(s), 40 media file(s), 0 artifact file(s) and 0 other file(s)
wandb: Find logs at: ./wandb/run-20260526_131751-q14141nx/logs
[monuseg_E1_A3_s2_clean] epoch 1/40 loss=0.4258 val_dice=0.7332 val_iou=0.5825
[monuseg_E1_A3_s2_clean] epoch 2/40 loss=0.2861 val_dice=0.7537 val_iou=0.6079
[monuseg_E1_A3_s2_clean] epoch 3/40 loss=0.2645 val_dice=0.7629 val_iou=0.6195
[monuseg_E1_A3_s2_clean] epoch 4/40 loss=0.2509 val_dice=0.7668 val_iou=0.6244
[monuseg_E1_A3_s2_clean] epoch 5/40 loss=0.2416 val_dice=0.7679 val_iou=0.6257
[monuseg_E1_A3_s2_clean] epoch 6/40 loss=0.2350 val_dice=0.7696 val_iou=0.6278
[monuseg_E1_A3_s2_clean] epoch 7/40 loss=0.2295 val_dice=0.7715 val_iou=0.6301
[monuseg_E1_A3_s2_clean] epoch 8/40 loss=0.2249 val_dice=0.7718 val_iou=0.6305
[monuseg_E1_A3_s2_clean] epoch 9/40 loss=0.2210 val_dice=0.7722 val_iou=0.6309
[monuseg_E1_A3_s2_clean] epoch 10/40 loss=0.2176 val_dice=0.7732 val_iou=0.6320
[monuseg_E1_A3_s2_clean] epoch 11/40 loss=0.2145 val_dice=0.7737 val_iou=0.6327
[monuseg_E1_A3_s2_clean] epoch 12/40 loss=0.2116 val_dice=0.7744 val_iou=0.6335
[monuseg_E1_A3_s2_clean] epoch 13/40 loss=0.2089 val_dice=0.7749 val_iou=0.6342
[monuseg_E1_A3_s2_clean] epoch 14/40 loss=0.2064 val_dice=0.7754 val_iou=0.6348
[monuseg_E1_A3_s2_clean] epoch 15/40 loss=0.2038 val_dice=0.7756 val_iou=0.6351
[monuseg_E1_A3_s2_clean] epoch 16/40 loss=0.2014 val_dice=0.7757 val_iou=0.6352
[monuseg_E1_A3_s2_clean] epoch 17/40 loss=0.1989 val_dice=0.7756 val_iou=0.6350
[monuseg_E1_A3_s2_clean] epoch 18/40 loss=0.1965 val_dice=0.7757 val_iou=0.6352
[monuseg_E1_A3_s2_clean] epoch 19/40 loss=0.1940 val_dice=0.7756 val_iou=0.6350
[monuseg_E1_A3_s2_clean] epoch 20/40 loss=0.1914 val_dice=0.7756 val_iou=0.6350
[monuseg_E1_A3_s2_clean] epoch 21/40 loss=0.1889 val_dice=0.7756 val_iou=0.6351
[monuseg_E1_A3_s2_clean] epoch 22/40 loss=0.1862 val_dice=0.7758 val_iou=0.6352
[monuseg_E1_A3_s2_clean] epoch 23/40 loss=0.1835 val_dice=0.7760 val_iou=0.6355
[monuseg_E1_A3_s2_clean] epoch 24/40 loss=0.1808 val_dice=0.7761 val_iou=0.6357
[monuseg_E1_A3_s2_clean] epoch 25/40 loss=0.1780 val_dice=0.7764 val_iou=0.6360
[monuseg_E1_A3_s2_clean] epoch 26/40 loss=0.1753 val_dice=0.7762 val_iou=0.6357
[monuseg_E1_A3_s2_clean] epoch 27/40 loss=0.1725 val_dice=0.7760 val_iou=0.6355
[monuseg_E1_A3_s2_clean] epoch 28/40 loss=0.1701 val_dice=0.7752 val_iou=0.6343
[monuseg_E1_A3_s2_clean] epoch 29/40 loss=0.1696 val_dice=0.7689 val_iou=0.6260
[monuseg_E1_A3_s2_clean] epoch 30/40 loss=0.1815 val_dice=0.7838 val_iou=0.6459
[monuseg_E1_A3_s2_clean] epoch 31/40 loss=0.1826 val_dice=0.7727 val_iou=0.6312
[monuseg_E1_A3_s2_clean] epoch 32/40 loss=0.1780 val_dice=0.7416 val_iou=0.5912
[monuseg_E1_A3_s2_clean] epoch 33/40 loss=0.1761 val_dice=0.7749 val_iou=0.6338
[monuseg_E1_A3_s2_clean] epoch 34/40 loss=0.1703 val_dice=0.7862 val_iou=0.6489
[monuseg_E1_A3_s2_clean] epoch 35/40 loss=0.1648 val_dice=0.7827 val_iou=0.6442
[monuseg_E1_A3_s2_clean] epoch 36/40 loss=0.1642 val_dice=0.7565 val_iou=0.6103
[monuseg_E1_A3_s2_clean] epoch 37/40 loss=0.1697 val_dice=0.7579 val_iou=0.6118
[monuseg_E1_A3_s2_clean] epoch 38/40 loss=0.1664 val_dice=0.7777 val_iou=0.6376
[monuseg_E1_A3_s2_clean] epoch 39/40 loss=0.1619 val_dice=0.7825 val_iou=0.6440
[monuseg_E1_A3_s2_clean] epoch 40/40 loss=0.1594 val_dice=0.7490 val_iou=0.6008
[monuseg_E1_A3_s2_clean] final test_dice=0.8043 test_iou=0.6735 (selected_by=best_val_dice)
Saved best checkpoint: /storage/nada/ce1/a3/s2/.worktrees/f6fe194810e2acf81ff3e4dea382db9dd5fc31c5/_work/monuseg_E1_A3_s2_clean/repo/outputs/monuseg_E1_A3_s2_clean/checkpoint.pt
Saved val metrics: /storage/nada/ce1/a3/s2/.worktrees/f6fe194810e2acf81ff3e4dea382db9dd5fc31c5/_work/monuseg_E1_A3_s2_clean/repo/outputs/monuseg_E1_A3_s2_clean/eval_metrics_val.json
Saved test metrics: /storage/nada/ce1/a3/s2/.worktrees/f6fe194810e2acf81ff3e4dea382db9dd5fc31c5/_work/monuseg_E1_A3_s2_clean/repo/outputs/monuseg_E1_A3_s2_clean/eval_metrics_test.json
