SAM-3 extractor: using transformers.AutoModel fallback — preprocessing differs from the official SAM-3 package. Outputs are NOT paper-equivalent. Set paper_headline_safe=false.
SAM-3 extractor: using transformers.AutoModel fallback — preprocessing differs from the official SAM-3 package. Outputs are NOT paper-equivalent. Set paper_headline_safe=false.
SAM-3 extractor: using transformers.AutoModel fallback — preprocessing differs from the official SAM-3 package. Outputs are NOT paper-equivalent. Set paper_headline_safe=false.
SAM-3 extractor: using transformers.AutoModel fallback — preprocessing differs from the official SAM-3 package. Outputs are NOT paper-equivalent. Set paper_headline_safe=false.
SAM-3 extractor: using transformers.AutoModel fallback — preprocessing differs from the official SAM-3 package. Outputs are NOT paper-equivalent. Set paper_headline_safe=false.
SAM-3 extractor: using transformers.AutoModel fallback — preprocessing differs from the official SAM-3 package. Outputs are NOT paper-equivalent. Set paper_headline_safe=false.
SAM-3 extractor: using transformers.AutoModel fallback — preprocessing differs from the official SAM-3 package. Outputs are NOT paper-equivalent. Set paper_headline_safe=false.
wandb: updating run metadata
wandb: uploading output.log
wandb: 
wandb: Run history:
wandb:      epoch ▁▁▁▂▂▂▂▂▂▃▃▃▃▃▄▄▄▄▄▄▅▅▅▅▅▅▆▆▆▆▆▇▇▇▇▇▇███
wandb:  test/dice ▁
wandb:   test/iou ▁
wandb: train/loss █▄▄▃▃▃▃▃▃▃▂▂▂▂▂▂▂▂▂▂▂▂▂▂▁▁▁▁▁▁▁▁▁▁▁▁▁▁▁▁
wandb:   train/lr ▁▁▁▁▁▁▁▁▁▁▁▁▁▁▁▁▁▁▁▁▁▁▁▁▁▁▁▁▁▁▁▁▁▁▁▁▁▁▁▁
wandb:   val/dice ▁▄▆▆▆▇▇▇██████████▇█████▇▇▇▅▆▆▂▂▇█▆▆▇▇▇▇
wandb:    val/iou ▁▄▆▆▆▇▇▇██████████▇▇▇██▇▇▇▆▅▆▆▂▂▇█▆▅▇▇▇▇
wandb: 
wandb: Run summary:
wandb:              checkpoint_path /storage/nada/ce1/a3...
wandb:            checkpoint_sha256 9e2335f1ba6ad9806fe6...
wandb:                  config_path /storage/nada/ce1/a3...
wandb:                        epoch 40
wandb:                   eval_split val
wandb:        fixed_sample_ids_path /storage/nada/ce1/a3...
wandb:   provenance/checkpoint_path /storage/nada/ce1/a3...
wandb: provenance/checkpoint_sha256 9e2335f1ba6ad9806fe6...
wandb:       provenance/config_path /storage/nada/ce1/a3...
wandb:        provenance/eval_split val
wandb:                          +12 ...
wandb: 
wandb: 🚀 View run monuseg_E1_A3_s1_clean at: https://wandb.ai/nadavoteam/frozen-sam-readout/runs/f8nk2c1t
wandb: ⭐️ View project at: https://wandb.ai/nadavoteam/frozen-sam-readout
wandb: Synced 5 W&B file(s), 40 media file(s), 0 artifact file(s) and 0 other file(s)
wandb: Find logs at: ./wandb/run-20260526_131745-f8nk2c1t/logs
[monuseg_E1_A3_s1_clean] epoch 1/40 loss=0.4395 val_dice=0.7380 val_iou=0.5880
[monuseg_E1_A3_s1_clean] epoch 2/40 loss=0.2902 val_dice=0.7553 val_iou=0.6096
[monuseg_E1_A3_s1_clean] epoch 3/40 loss=0.2669 val_dice=0.7655 val_iou=0.6226
[monuseg_E1_A3_s1_clean] epoch 4/40 loss=0.2533 val_dice=0.7687 val_iou=0.6265
[monuseg_E1_A3_s1_clean] epoch 5/40 loss=0.2447 val_dice=0.7699 val_iou=0.6281
[monuseg_E1_A3_s1_clean] epoch 6/40 loss=0.2384 val_dice=0.7719 val_iou=0.6305
[monuseg_E1_A3_s1_clean] epoch 7/40 loss=0.2330 val_dice=0.7743 val_iou=0.6335
[monuseg_E1_A3_s1_clean] epoch 8/40 loss=0.2284 val_dice=0.7763 val_iou=0.6361
[monuseg_E1_A3_s1_clean] epoch 9/40 loss=0.2244 val_dice=0.7775 val_iou=0.6376
[monuseg_E1_A3_s1_clean] epoch 10/40 loss=0.2209 val_dice=0.7776 val_iou=0.6377
[monuseg_E1_A3_s1_clean] epoch 11/40 loss=0.2178 val_dice=0.7776 val_iou=0.6377
[monuseg_E1_A3_s1_clean] epoch 12/40 loss=0.2148 val_dice=0.7778 val_iou=0.6379
[monuseg_E1_A3_s1_clean] epoch 13/40 loss=0.2120 val_dice=0.7778 val_iou=0.6380
[monuseg_E1_A3_s1_clean] epoch 14/40 loss=0.2092 val_dice=0.7781 val_iou=0.6383
[monuseg_E1_A3_s1_clean] epoch 15/40 loss=0.2064 val_dice=0.7779 val_iou=0.6380
[monuseg_E1_A3_s1_clean] epoch 16/40 loss=0.2036 val_dice=0.7776 val_iou=0.6376
[monuseg_E1_A3_s1_clean] epoch 17/40 loss=0.2008 val_dice=0.7771 val_iou=0.6370
[monuseg_E1_A3_s1_clean] epoch 18/40 loss=0.1980 val_dice=0.7770 val_iou=0.6368
[monuseg_E1_A3_s1_clean] epoch 19/40 loss=0.1951 val_dice=0.7768 val_iou=0.6365
[monuseg_E1_A3_s1_clean] epoch 20/40 loss=0.1921 val_dice=0.7768 val_iou=0.6365
[monuseg_E1_A3_s1_clean] epoch 21/40 loss=0.1889 val_dice=0.7769 val_iou=0.6365
[monuseg_E1_A3_s1_clean] epoch 22/40 loss=0.1857 val_dice=0.7771 val_iou=0.6368
[monuseg_E1_A3_s1_clean] epoch 23/40 loss=0.1824 val_dice=0.7770 val_iou=0.6367
[monuseg_E1_A3_s1_clean] epoch 24/40 loss=0.1791 val_dice=0.7769 val_iou=0.6366
[monuseg_E1_A3_s1_clean] epoch 25/40 loss=0.1759 val_dice=0.7760 val_iou=0.6353
[monuseg_E1_A3_s1_clean] epoch 26/40 loss=0.1730 val_dice=0.7745 val_iou=0.6334
[monuseg_E1_A3_s1_clean] epoch 27/40 loss=0.1703 val_dice=0.7713 val_iou=0.6291
[monuseg_E1_A3_s1_clean] epoch 28/40 loss=0.1706 val_dice=0.7648 val_iou=0.6205
[monuseg_E1_A3_s1_clean] epoch 29/40 loss=0.1749 val_dice=0.7705 val_iou=0.6281
[monuseg_E1_A3_s1_clean] epoch 30/40 loss=0.1747 val_dice=0.7669 val_iou=0.6232
[monuseg_E1_A3_s1_clean] epoch 31/40 loss=0.1707 val_dice=0.7433 val_iou=0.5933
[monuseg_E1_A3_s1_clean] epoch 32/40 loss=0.1701 val_dice=0.7468 val_iou=0.5975
[monuseg_E1_A3_s1_clean] epoch 33/40 loss=0.1711 val_dice=0.7755 val_iou=0.6345
[monuseg_E1_A3_s1_clean] epoch 34/40 loss=0.1729 val_dice=0.7798 val_iou=0.6404
[monuseg_E1_A3_s1_clean] epoch 35/40 loss=0.1647 val_dice=0.7670 val_iou=0.6235
[monuseg_E1_A3_s1_clean] epoch 36/40 loss=0.1596 val_dice=0.7653 val_iou=0.6211
[monuseg_E1_A3_s1_clean] epoch 37/40 loss=0.1584 val_dice=0.7744 val_iou=0.6331
[monuseg_E1_A3_s1_clean] epoch 38/40 loss=0.1577 val_dice=0.7728 val_iou=0.6311
[monuseg_E1_A3_s1_clean] epoch 39/40 loss=0.1585 val_dice=0.7725 val_iou=0.6307
[monuseg_E1_A3_s1_clean] epoch 40/40 loss=0.1578 val_dice=0.7725 val_iou=0.6310
[monuseg_E1_A3_s1_clean] final test_dice=0.8055 test_iou=0.6752 (selected_by=best_val_dice)
Saved best checkpoint: /storage/nada/ce1/a3/s1/.worktrees/f6fe194810e2acf81ff3e4dea382db9dd5fc31c5/_work/monuseg_E1_A3_s1_clean/repo/outputs/monuseg_E1_A3_s1_clean/checkpoint.pt
Saved val metrics: /storage/nada/ce1/a3/s1/.worktrees/f6fe194810e2acf81ff3e4dea382db9dd5fc31c5/_work/monuseg_E1_A3_s1_clean/repo/outputs/monuseg_E1_A3_s1_clean/eval_metrics_val.json
Saved test metrics: /storage/nada/ce1/a3/s1/.worktrees/f6fe194810e2acf81ff3e4dea382db9dd5fc31c5/_work/monuseg_E1_A3_s1_clean/repo/outputs/monuseg_E1_A3_s1_clean/eval_metrics_test.json
